{"errorType":"BadRequestError","errorMessage":"Bad request: Error in $: parsing Main.Request(Request) failed, key \"name\" not found"}
