{"errorType":"InternalError","errorMessage":"No information is available."}
